---
source: apps/fixtrace-tui/tests/render_snapshots.rs
expression: "rendered(100, 32, InspectorTab::Trials)"
---
┌──────────────────────────────────────────────────────────────────────────────────────────────────┐
│FixTrace  parser-repair  glm-5 · medium · AskForOpaque · task Running · 1558 tok · $0.0032 · 16% ·│
└──────────────────────────────────────────────────────────────────────────────────────────────────┘
┌ Transcript ────────────────────────────────────────────────┐┌ Inspector ─────────────────────────┐
│ YOU  Completed                                             ││ Overview · Actions · Trials · Graph│
│Find the smallest verified repair and explain the           │└────────────────────────────────────┘
│evidence.                                                   │┌────────────────────────────────────┐
│                                                            ││StablePass                          │
│▶ TOOL run_candidate {"action_ids":[5,6]}                   ││66666666-6666-4666-8666-666666666666│
│                                                            ││  actions [5, 6] · 3 attempts       │
│ TRIAL  Completed                                           ││                                    │
│Trial 018 · StablePass 3/3 · 2.41s · actions [5, 6]         ││                                    │
│                                                            ││                                    │
│ AGENT  Running                                             ││                                    │
│Actions 5 and 6 form the dependency-constrained 1-minimal   ││                                    │
│sufficient repair trace. Removing either action failed all  ││                                    │
│repeated Oracle attempts.                                   ││                                    │
│                                                            ││                                    │
│                                                            ││                                    │
│                                                            ││                                    │
│                                                            ││                                    │
│                                                            ││                                    │
│                                                            ││                                    │
│                                                            ││                                    │
│                                                            ││                                    │
└────────────────────────────────────────────────────────────┘└────────────────────────────────────┘
┌ Message · Enter send · Alt+Enter newline ────────────────────────────────────────────────────────┐
│ Ask FixTrace about the verified repair trace, or type /                                          │
│                                                                                                  │
│                                                                                                  │
└──────────────────────────────────────────────────────────────────────────────────────────────────┘
 CONNECTED Oracle attempt 2/3  ·  Ctrl+P commands  Tab inspector  Ctrl+C cancel/exit  ? help
